// Jest Snapshot v1, https://goo.gl/fbAQLP

exports[`views/whatsAppCatalogs/Base.vue should be rendered properly 1`] = `
<div class="whatsapp-catalogs-base">
  <unnnicbreadcrumb-stub crumbs="[object Object],[object Object]"></unnnicbreadcrumb-stub>
  <routerview-stub></routerview-stub>
</div>
`;
