// Jest Snapshot v1, https://goo.gl/fbAQLP

exports[`views/whatsAppCatalogs/CatalogProducts.vue should be rendered properly 1`] = `<productlist-stub catalogname="catalog name" class="whatsapp-catalog-products"></productlist-stub>`;
