// Jest Snapshot v1, https://goo.gl/fbAQLP

exports[`components/TemplateDetails/Summary.vue should be rendered properly 1`] = `
<div class="whatsapp_template_summary">
  <div class="whatsapp_template_summary__title">
    <div class="whatsapp_template_summary__title__main">
      some specific text
    </div>
    <div class="whatsapp_template_summary__title__subtitle">
      some specific text
    </div>
  </div>
  <div class="whatsapp_template_summary__main">
    <div class="whatsapp_template_summary__main__card">
      <div class="whatsapp_template_summary__main__card__title">
        some specific text
        <unnnic-icon icon="info" size="sm" filled="" scheme="neutral-cleanest"></unnnic-icon>
      </div>
      <div class="whatsapp_template_summary__main__card__value">47</div>
    </div>
    <div class="whatsapp_template_summary__main__card">
      <div class="whatsapp_template_summary__main__card__title">
        some specific text
        <unnnic-icon icon="info" size="sm" filled="" scheme="neutral-cleanest"></unnnic-icon>
      </div>
      <div class="whatsapp_template_summary__main__card__value">48</div>
    </div>
    <div class="whatsapp_template_summary__main__card">
      <div class="whatsapp_template_summary__main__card__title">
        some specific text
        <unnnic-icon icon="info" size="sm" filled="" scheme="neutral-cleanest"></unnnic-icon>
      </div>
      <div class="whatsapp_template_summary__main__card__value">
        28 (59%)
      </div>
    </div>
  </div>
  <div class="whatsapp_template_summary__quality">
    <div class="whatsapp_template_summary__quality__title">
      <div class="whatsapp_template_summary__title__main">
        some specific text
      </div>
      <div class="whatsapp_template_summary__title__subtitle">
        Ãšltimos dias
      </div>
    </div>
    <div class="whatsapp_template_summary__quality__status">
      <div class="whatsapp_template_summary__quality__status__level">
        <div class="whatsapp_template_summary__quality__status__level__title">
          some specific text
        </div>
        <div class="whatsapp_template_summary__quality__status__level__value">--</div>
      </div>
      <div class="whatsapp_template_summary__quality__status__blocked">
        <div class="whatsapp_template_summary__quality__status__blocked__title">
          some specific text
        </div>
        <div class="whatsapp_template_summary__quality__status__blocked__value">--</div>
      </div>
    </div>
  </div>
</div>
`;
