// Jest Snapshot v1, https://goo.gl/fbAQLP

exports[`components/Survey.vue should be rendered properly with content closed 1`] = `
<div class="survey">
  <transition-stub name="fade">
    <!---->
  </transition-stub>
  <div class="survey__toggle"><span data-v-59b073b4="" class="unnnic-icon unnnic-icon__size--lg unnnic-icon-scheme--neutral-darkest"><svg viewBox="0 0 40 40" fill="none" xmlns="http://www.w3.org/2000/svg"><path d="M20 23.7505C19.4825 23.7505 19.0625 23.3305 19.0625 22.813V21.5555C19.0612 20.3655 19.815 19.2992 20.9375 18.903C22.0588 18.5067 22.8125 17.4405 22.8125 16.2517C22.8125 15.5005 22.52 14.7942 21.9887 14.263C21.4587 13.7317 20.7525 13.4392 20 13.4392C19.2487 13.4392 18.5425 13.7317 18.0113 14.263C17.48 14.793 17.1875 15.4992 17.1875 16.2505C17.1875 16.7667 16.7675 17.188 16.25 17.188C15.7325 17.188 15.3125 16.7667 15.3125 16.2505C15.3125 14.998 15.8012 13.8217 16.6862 12.9367C17.5712 12.0517 18.7487 11.5642 20 11.5642C22.585 11.5642 24.6875 13.668 24.6875 16.2517C24.6875 18.2342 23.4312 20.0092 21.5625 20.6705C21.1887 20.803 20.9375 21.158 20.9375 21.5542V22.813C20.9375 23.3305 20.5175 23.7505 20 23.7505Z" fill="#3B414D" class="primary"></path><path d="M20 28.438C20.7767 28.438 21.4062 27.8084 21.4062 27.0317C21.4062 26.2551 20.7767 25.6255 20 25.6255C19.2233 25.6255 18.5938 26.2551 18.5938 27.0317C18.5938 27.8084 19.2233 28.438 20 28.438Z" fill="#3B414D" class="primary"></path><path d="M20 35.0005C11.7287 35.0005 5 28.2717 5 20.0005C5 11.7292 11.7287 5.00049 20 5.00049C28.2712 5.00049 35 11.7292 35 20.0005C35 28.2717 28.2712 35.0005 20 35.0005ZM20 6.87549C12.7625 6.87549 6.875 12.763 6.875 20.0005C6.875 27.238 12.7625 33.1255 20 33.1255C27.2375 33.1255 33.125 27.238 33.125 20.0005C33.125 12.763 27.2375 6.87549 20 6.87549Z" fill="#3B414D" class="primary"></path></svg></span></div>
</div>
`;

exports[`components/Survey.vue should be rendered properly with content open 1`] = `
<div class="survey">
  <transition-stub name="fade">
    <div class="survey__content">
      <div data-v-48c0c241="" class="survey__content__input unnnic-form sm" maxlength="255">
        <p data-v-48c0c241="" class="unnnic-form__label">Do you miss any integration? If so, tell us which one</p>
        <div data-v-400546b3="" data-v-48c0c241="" class="unnnic-form-input text-input size--sm" v-bind="[object Object]" mask=""><input data-v-97b44e8c="" data-v-400546b3="" type="text" size="0" v-bind="[object Object]" maxlength="255" placeholder="" class="input-itself input size-sm normal">
          <!---->
          <!---->
        </div>
        <!---->
      </div>
      <div class="survey__content__buttons"><button data-v-c21b2f22="" class="survey__content__buttons__exit unnnic-button unnnic-button--size-small unnnic-button--terciary unnnic-button-scheme--">
          <!---->
          <!---->
          <!----><span data-v-c21b2f22="" class="unnnic-button__label"> Exit </span>
          <!---->
        </button> <button data-v-c21b2f22="" class="survey__content__buttons__send unnnic-button unnnic-button--size-small unnnic-button--secondary unnnic-button-scheme--">
          <!---->
          <!---->
          <!----><span data-v-c21b2f22="" class="unnnic-button__label"> Send </span>
          <!---->
        </button></div>
    </div>
  </transition-stub>
  <div class="survey__toggle"><span data-v-59b073b4="" class="unnnic-icon unnnic-icon__size--lg unnnic-icon-scheme--neutral-darkest"><svg viewBox="0 0 40 40" fill="none" xmlns="http://www.w3.org/2000/svg"><path d="M20 23.7505C19.4825 23.7505 19.0625 23.3305 19.0625 22.813V21.5555C19.0612 20.3655 19.815 19.2992 20.9375 18.903C22.0588 18.5067 22.8125 17.4405 22.8125 16.2517C22.8125 15.5005 22.52 14.7942 21.9887 14.263C21.4587 13.7317 20.7525 13.4392 20 13.4392C19.2487 13.4392 18.5425 13.7317 18.0113 14.263C17.48 14.793 17.1875 15.4992 17.1875 16.2505C17.1875 16.7667 16.7675 17.188 16.25 17.188C15.7325 17.188 15.3125 16.7667 15.3125 16.2505C15.3125 14.998 15.8012 13.8217 16.6862 12.9367C17.5712 12.0517 18.7487 11.5642 20 11.5642C22.585 11.5642 24.6875 13.668 24.6875 16.2517C24.6875 18.2342 23.4312 20.0092 21.5625 20.6705C21.1887 20.803 20.9375 21.158 20.9375 21.5542V22.813C20.9375 23.3305 20.5175 23.7505 20 23.7505Z" fill="#3B414D" class="primary"></path><path d="M20 28.438C20.7767 28.438 21.4062 27.8084 21.4062 27.0317C21.4062 26.2551 20.7767 25.6255 20 25.6255C19.2233 25.6255 18.5938 26.2551 18.5938 27.0317C18.5938 27.8084 19.2233 28.438 20 28.438Z" fill="#3B414D" class="primary"></path><path d="M20 35.0005C11.7287 35.0005 5 28.2717 5 20.0005C5 11.7292 11.7287 5.00049 20 5.00049C28.2712 5.00049 35 11.7292 35 20.0005C35 28.2717 28.2712 35.0005 20 35.0005ZM20 6.87549C12.7625 6.87549 6.875 12.763 6.875 20.0005C6.875 27.238 12.7625 33.1255 20 33.1255C27.2375 33.1255 33.125 27.238 33.125 20.0005C33.125 12.763 27.2375 6.87549 20 6.87549Z" fill="#3B414D" class="primary"></path></svg></span></div>
</div>
`;
