// Jest Snapshot v1, https://goo.gl/fbAQLP

exports[`components/config/ecommerce/vtex/Setup.vue should be rendered properly 1`] = `
<transition-stub data-v-4c459454="" name="modal" class="vtex-modal">
  <div data-v-4c459454="" class="unnnic-modal">
    <div data-v-4c459454="" class="unnnic-modal-container">
      <div data-v-4c459454="" class="unnnic-modal-container-background">
        <div data-v-4c459454="" class="unnnic-modal-container-background-body">
          <!---->
          <!---->
          <!---->
          <div data-v-4c459454="" class="unnnic-modal-container-background-body-title"> Integrate with VTEX </div>
        </div>
        <div data-v-4c459454="" class="unnnic-modal-container-background-body-description-container">
          <div data-v-4c459454="" class="unnnic-modal-container-background-body-description"> To proceed with the instalation insert a subdomain <div class="vtex-modal__content">
              <div class="vtex-modal__content__form">
                <div>
                  <p class="unnnic-label__label">WhatsApp Number</p>
                  <div class="unnnic-select-smart"><span data-v-6fe2671f="" class="dropdown"><div data-v-400546b3="" class="unnnic-select-smart__input text-input size--md has-icon-right" readonly="readonly" data-v-6fe2671f=""><input data-v-97b44e8c="" data-v-400546b3="" type="text" size="23" readonly="readonly" placeholder="undefined - (wpp title)" iconleft="" iconright="arrow-button-down-1" iconrightclickable="true" class="input-itself input size-md normal"><!----><span data-v-4ce83152="" data-v-400546b3="" class="unnnic-icon unnnic-icon__size--sm unnnic--clickable unnnic-icon-scheme--neutral-dark icon-right clickable"><svg viewBox="0 0 40 40" fill="none" xmlns="http://www.w3.org/2000/svg"><path d="M5.31471 14.0096L19.0432 29.5967C19.1676 29.7264 19.3169 29.8296 19.4822 29.9001C19.6474 29.9707 19.8253 30.007 20.005 30.007C20.1847 30.007 20.3625 29.9707 20.5278 29.9001C20.6931 29.8296 20.8424 29.7264 20.9668 29.5967L34.689 14.0096C34.7987 13.886 34.8825 13.7415 34.9353 13.5849C34.9882 13.4282 35.009 13.2625 34.9965 13.0977C34.984 12.9328 34.9385 12.7721 34.8627 12.6252C34.7869 12.4783 34.6824 12.3481 34.5553 12.2423L32.243 10.2963C31.9852 10.0789 31.6522 9.97163 31.316 9.99759C30.9797 10.0235 30.6671 10.1807 30.4457 10.435L20.2406 22.25C20.2112 22.2841 20.1749 22.3114 20.134 22.3302C20.0931 22.3489 20.0487 22.3587 20.0037 22.3587C19.9588 22.3587 19.9143 22.3489 19.8734 22.3302C19.8326 22.3114 19.7962 22.2841 19.7669 22.25L9.558 10.4338C9.33639 10.1806 9.02374 10.0252 8.68809 10.0013C8.52167 9.9865 8.35397 10.0052 8.19489 10.0563C8.03582 10.1074 7.8886 10.1898 7.76195 10.2988L5.44845 12.2423C5.32061 12.3479 5.21534 12.4781 5.13889 12.6252C5.06245 12.7723 5.0164 12.9332 5.0035 13.0985C4.99099 13.2635 5.01212 13.4294 5.06562 13.586C5.11911 13.7426 5.20386 13.8868 5.31471 14.0096Z" fill="#3B414D" class="primary"></path></svg></span></div>
                  <div data-v-6fe2671f="" class="dropdown-data" style="position: fixed; top: 0px;"></div></span>
                </div>
              </div>
              <div data-v-48c0c241="" class="vtex-modal__content__form__input__subdomain unnnic-form md">
                <p data-v-48c0c241="" class="unnnic-form__label">Subdomain</p>
                <div data-v-400546b3="" data-v-48c0c241="" class="unnnic-form-input text-input size--md" v-bind="[object Object]" mask=""><input data-v-97b44e8c="" data-v-400546b3="" type="text" size="0" v-bind="[object Object]" placeholder="Ex: shop.myvtex.com" class="input-itself input size-md normal">
                  <!---->
                  <!---->
                </div>
                <!---->
              </div>
              <div class="vtex-modal__content__form__keys">
                <div data-v-48c0c241="" class="vtex-modal__content__form__input__subdomain unnnic-form md">
                  <p data-v-48c0c241="" class="unnnic-form__label">AppKey</p>
                  <div data-v-400546b3="" data-v-48c0c241="" class="unnnic-form-input text-input size--md" v-bind="[object Object]" mask=""><input data-v-97b44e8c="" data-v-400546b3="" type="text" size="0" v-bind="[object Object]" placeholder="Insert your AppKey" class="input-itself input size-md normal">
                    <!---->
                    <!---->
                  </div>
                  <!---->
                </div>
                <div data-v-48c0c241="" class="vtex-modal__content__form__input__subdomain unnnic-form md">
                  <p data-v-48c0c241="" class="unnnic-form__label">AppToken</p>
                  <div data-v-400546b3="" data-v-48c0c241="" class="unnnic-form-input text-input size--md" v-bind="[object Object]" mask=""><input data-v-97b44e8c="" data-v-400546b3="" type="text" size="0" v-bind="[object Object]" placeholder="Insert your AppToken" class="input-itself input size-md normal">
                    <!---->
                    <!---->
                  </div>
                  <!---->
                </div>
              </div> <span class="vtex-modal__content__form__guide">
        Don't know your AppKey and AppToken?
        <a href="https://help.vtex.com/en/tutorial/application-keys--2iffYzlvvz4BDMr6WGUtet" target="_blank" rel="noopener noreferrer">
          Click here
        </a>
        to access the documentation on VTEX and find out.
      </span>
            </div>
          </div>
        </div>
      </div>
      <!---->
      <div data-v-4c459454="" class="unnnic-modal-container-background-button"><button data-v-2d9f2cbf="" class="unnnic-button unnnic-button--size-large unnnic-button--tertiary">
          <!---->
          <!---->
          <!----><span data-v-2d9f2cbf="" class="unnnic-button__label">
    Cancel
    </span>
          <!----></button><button data-v-2d9f2cbf="" class="unnnic-button unnnic-button--size-large unnnic-button--secondary">
          <!---->
          <!---->
          <!----><span data-v-2d9f2cbf="" class="unnnic-button__label">
    Continue
    </span>
          <!----></button></div>
    </div>
  </div>
  </div>
</transition-stub>
`;
