// Jest Snapshot v1, https://goo.gl/fbAQLP

exports[`components/config/channels/generic/Config.vue should be rendered properly 1`] = `
<div class="app-config-generic">
  <div class="app-config-generic__header">
    <div class="app-config-generic__header__title">
      <div class="app-config-generic__header__title__icon-container"><img class="app-config-generic__header__title__icon-container__icon"></div>
      <div class="app-config-generic__header__title__name"></div>
    </div> <span class="app-config-generic__header__description">You can connect a <a href="https://slack.com/app" target="_blank">Slack Bot</a> to your workspace to automate sending and receiving messages.<br><br>To do it, you will need to create a new slack app and configure it.<br><ol><li>You'll need to create a <a href="https://api.slack.com/apps" target="_blank">Slack app</a> if you haven't already, setup a bot to it, add the needed scopes and install app on your slack workspace. If you need help how to do this, read this guide <a href="https://api.slack.com/bot-users" target="_blank">here</a>.</li></ol></span>
    <!---->
  </div>
  <div class="app-config-generic__settings__content">
    <div class="app-config-generic__settings__content__form-loading"><span class="unnnic-skeleton" style="background-color: rgb(232, 244, 244); animation: SkeletonLoading 1.5s ease-in-out infinite; width: 100%; height: 100%;">â€Œ</span></div>
  </div>
  <div class="app-config-generic__settings__buttons"><button data-v-00f478da="" class="app-config-generic__settings__buttons__cancel unnnic-button unnnic-button--size-large unnnic-button--terciary unnnic-button-scheme--">
      <!---->
      <!---->
      <!----><span data-v-00f478da="" class="unnnic-button__label"> Cancel </span>
      <!---->
    </button> <button data-v-00f478da="" class="app-config-generic__settings__buttons__save unnnic-button unnnic-button--size-large unnnic-button--secondary unnnic-button-scheme--">
      <!---->
      <!---->
      <!----><span data-v-00f478da="" class="unnnic-button__label"> Save changes </span>
      <!---->
    </button></div>
</div>
`;
