// Jest Snapshot v1, https://goo.gl/fbAQLP

exports[`whatsapp/components/tabs/ConversationsTab.vue should be rendered properly 1`] = `
<div class="conversations">
  <div class="conversations__content">
    <div class="conversations__content__dropdown">
      <div class="conversations__content__label">
        Filter by
      </div>
      <unnnicdatefilter-stub size="sm" dateformat="DD/MM/YYYY" dateseparator="~" placeholder="DD/MM/YYYY ~ DD/MM/YYYY" class="conversations__content__dropdown-filter"></unnnicdatefilter-stub>
      <div class="conversations__content__dropdown-data">
        <!---->
      </div>
    </div>
    <div class="conversations__content__tables">
      <div class="conversations__content__label">
        Number of conversations
      </div>
      <div class="conversations__content__tables__section">
        <!---->
        <!---->
      </div>
      <div class="conversations__content__tables__section">
        <!---->
        <unnnic-table-stub items="[object Object],[object Object],[object Object],[object Object]">
          <unnnic-table-row-stub headers="[object Object],[object Object]"></unnnic-table-row-stub>
          <unnnic-table-row-stub headers="[object Object],[object Object]"></unnnic-table-row-stub>
        </unnnic-table-stub>
      </div>
    </div>
    <div class="conversations__content__report"><span class="conversations__content__report__label">
        Detailed conversation report
      </span> <span class="conversations__content__report__description">
        You can receive message breakdowns by email of no more than 6 months ago. It is possible that some information in the report is inaccurate. If in doubt, contact your account manager.
      </span>
      <unnnic-tool-tip-stub text="A date range is required to be able to request a report" enabled="true" side="top" maxwidth="15rem" class="conversations__content__report__tooltip">
        <unnnicbutton-stub size="small" type="secondary" disabled="true" class="conversations__content__report__button">
          Request report
        </unnnicbutton-stub>
      </unnnic-tool-tip-stub>
    </div>
    <div class="conversations__content__insights">
      <div class="conversations__content__insights__title">
        Insights
      </div>
      <div class="conversations__content__insights__about">
        <p>
          See more detailed data related to sending, delivering and reading triggered message templates.
        </p>
      </div>
      <div class="conversations__content__insights__button">
        <unnnicbutton-stub size="large" text="See insights" type="primary"></unnnicbutton-stub>
      </div>
    </div>
  </div>
  <div class="conversations__buttons">
    <unnnicbutton-stub size="large" text="Cancel" type="secondary" class="conversations__buttons__close"></unnnicbutton-stub>
  </div>
</div>
`;
