// Jest Snapshot v1, https://goo.gl/fbAQLP

exports[`components/whatsAppTemplates/TranslationSampleForm.vue should be rendered properly 1`] = `
<div>
  <transition-stub data-v-4c459454="" name="modal" class="sample-form">
    <div data-v-4c459454="" class="unnnic-modal">
      <div data-v-4c459454="" class="unnnic-modal-container">
        <div data-v-4c459454="" class="unnnic-modal-container-background">
          <div data-v-4c459454="" class="unnnic-modal-container-background-body">
            <div data-v-4c459454="" class="unnnic-modal-container-background-body-close_icon"><span data-v-59b073b4="" data-v-4c459454="" class="unnnic-icon unnnic-icon__size--sm unnnic--clickable unnnic-icon-scheme--neutral-dark"><svg viewBox="0 0 40 40" fill="none" xmlns="http://www.w3.org/2000/svg"><path d="M34.0592 34.9982C33.9361 34.9985 33.8142 34.9744 33.7004 34.9272C33.5867 34.88 33.4835 34.8107 33.3969 34.7232L19.9995 21.3271L6.60213 34.7232C6.51561 34.811 6.4125 34.8808 6.29879 34.9284C6.18507 34.976 6.06303 35.0005 5.93976 35.0005C5.81648 35.0005 5.69444 34.976 5.58073 34.9284C5.46701 34.8808 5.3639 34.811 5.27739 34.7232C5.10209 34.5471 5.00367 34.3087 5.00367 34.0602C5.00367 33.8117 5.10209 33.5734 5.27739 33.3972L18.6748 19.9999L5.27739 6.60374C5.09992 6.42753 5.00244 6.19132 5.00244 5.94137C5.00244 5.69142 5.09992 5.45522 5.27739 5.279C5.4536 5.10154 5.68981 5.00406 5.93976 5.00406C6.18971 5.00406 6.42591 5.10154 6.60213 5.279L19.9995 18.6751L33.3969 5.27775C33.4834 5.18994 33.5865 5.1202 33.7002 5.0726C33.8139 5.025 33.936 5.00049 34.0592 5.00049C34.1825 5.00049 34.3046 5.025 34.4183 5.0726C34.532 5.1202 34.6351 5.18994 34.7216 5.27775C34.8092 5.36454 34.8787 5.46782 34.9261 5.58161C34.9735 5.69541 34.9979 5.81747 34.9979 5.94075C34.9979 6.06403 34.9735 6.18609 34.9261 6.29988C34.8787 6.41367 34.8092 6.51695 34.7216 6.60374L21.3242 20.0011L34.7216 33.3985C34.8969 33.5746 34.9953 33.813 34.9953 34.0615C34.9953 34.31 34.8969 34.5484 34.7216 34.7245C34.6347 34.8115 34.5315 34.8805 34.4178 34.9275C34.3041 34.9745 34.1822 34.9985 34.0592 34.9982Z" fill="#3B414D" class="primary"></path></svg></span></div>
            <!---->
            <div data-v-4c459454="" class="unnnic-modal-container-background-body-alert_icon unnnic-card-scheme--feedback-yellow--icon"><span data-v-59b073b4="" data-v-4c459454="" class="unnnic-icon unnnic-icon__size--xl unnnic-icon-scheme--feedback-yellow"><svg viewBox="0 0 40 40" fill="none" xmlns="http://www.w3.org/2000/svg"><path d="M20 27.5005C20.7767 27.5005 21.4062 26.8709 21.4062 26.0942C21.4062 25.3176 20.7767 24.688 20 24.688C19.2233 24.688 18.5938 25.3176 18.5938 26.0942C18.5938 26.8709 19.2233 27.5005 20 27.5005Z" fill="#3B414D" class="primary"></path><path d="M20 22.813C19.7514 22.813 19.5129 22.7142 19.3371 22.5384C19.1613 22.3626 19.0625 22.1241 19.0625 21.8755V11.563C19.0625 11.3143 19.1613 11.0759 19.3371 10.9001C19.5129 10.7243 19.7514 10.6255 20 10.6255C20.2486 10.6255 20.4871 10.7243 20.6629 10.9001C20.8387 11.0759 20.9375 11.3143 20.9375 11.563V21.8755C20.9375 22.1241 20.8387 22.3626 20.6629 22.5384C20.4871 22.7142 20.2486 22.813 20 22.813Z" fill="#3B414D" class="primary"></path><path d="M20 35.0005C11.7287 35.0005 5 28.2717 5 20.0005C5 11.7292 11.7287 5.00049 20 5.00049C28.2712 5.00049 35 11.7292 35 20.0005C35 28.2717 28.2712 35.0005 20 35.0005ZM20 6.87549C12.7625 6.87549 6.875 12.763 6.875 20.0005C6.875 27.238 12.7625 33.1255 20 33.1255C27.2375 33.1255 33.125 27.238 33.125 20.0005C33.125 12.763 27.2375 6.87549 20 6.87549Z" fill="#3B414D" class="primary"></path></svg></span></div>
            <div data-v-4c459454="" class="unnnic-modal-container-background-body-title"> Add Sample Content </div>
          </div>
          <div data-v-4c459454="" class="unnnic-modal-container-background-body-description-container">
            <div data-v-4c459454="" class="unnnic-modal-container-background-body-description">
              <div><span>
        You have the option to provide specific content examples for your template.
      </span>
                <div class="sample-form__container">
                  <div class="sample-form__preview__title">
                    Preview
                  </div>
                  <div class="template-preview sample-form__preview">
                    <!---->
                    <div class="template-preview__content">
                      <!---->
                      <!---->
                      <!---->
                      <!---->
                    </div>
                    <!---->
                  </div>
                  <div class="sample-form__content">
                    <!---->
                    <!---->
                  </div>
                  <div class="sample-form__button"><button data-v-bcdcecac="" class="unnnic-button unnnic-button--size-large unnnic-button--secondary unnnic-button-scheme--">
                      <!---->
                      <!---->
                      <!----><span data-v-bcdcecac="" class="unnnic-button__label">
            Send
            </span>
                      <!---->
                    </button></div>
                </div>
                <div class="sample-form__info">Make sure not to include any actual user or customer information, and provide only sample content in your examples.</div>
              </div>
            </div>
          </div>
          <!---->
          <!---->
        </div>
      </div>
    </div>
  </transition-stub>
</div>
`;
